[debug] [2026-07-22T02:52:40.394Z] ----------------------------------------------------------------------
[debug] [2026-07-22T02:52:40.397Z] Command:       /usr/bin/node /home/ubuntu/.npm/_npx/ba4f1959e38407b5/node_modules/.bin/firebase init ailogic --project fitpulse-89c0e
[debug] [2026-07-22T02:52:40.398Z] CLI Version:   15.24.0
[debug] [2026-07-22T02:52:40.398Z] Platform:      linux
[debug] [2026-07-22T02:52:40.398Z] Node Version:  v22.22.1
[debug] [2026-07-22T02:52:40.399Z] Detected Agent: antigravity
[debug] [2026-07-22T02:52:40.399Z] Time:          Wed Jul 22 2026 12:52:40 GMT+1000 (Australian Eastern Standard Time)
[debug] [2026-07-22T02:52:40.399Z] ----------------------------------------------------------------------
[debug] 
[info] 
     ######## #### ########  ######## ########     ###     ######  ########
     ##        ##  ##     ## ##       ##     ##  ##   ##  ##       ##
     ######    ##  ########  ######   ########  #########  ######  ######
     ##        ##  ##    ##  ##       ##     ## ##     ##       ## ##
     ##       #### ##     ## ######## ########  ##     ##  ######  ########

You're about to initialize a Firebase project in this directory:

  /home/ubuntu

Before we get started, keep in mind:

  * You are initializing within an existing Firebase project directory

[info] 
=== Project Setup
[info] 
[info] First, let's associate this project directory with a Firebase project.
[info] You can create multiple project aliases by running firebase use --add, 
[info] 
[debug] [2026-07-22T02:52:42.061Z] > command requires scopes: ["email","openid","https://www.googleapis.com/auth/cloudplatformprojects.readonly","https://www.googleapis.com/auth/firebase","https://www.googleapis.com/auth/cloud-platform"]
[debug] [2026-07-22T02:52:42.062Z] > authorizing via signed-in user (aigeekadvisor@gmail.com)
[debug] [2026-07-22T02:52:42.117Z] Checked if tokens are valid: true, expires at: 1784692338715
[debug] [2026-07-22T02:52:42.118Z] Checked if tokens are valid: true, expires at: 1784692338715
[debug] [2026-07-22T02:52:42.123Z] >>> [apiv2][query] GET https://firebase.googleapis.com/v1beta1/projects/fitpulse-89c0e [none]
[debug] [2026-07-22T02:52:42.849Z] <<< [apiv2][status] GET https://firebase.googleapis.com/v1beta1/projects/fitpulse-89c0e 200
[debug] [2026-07-22T02:52:42.849Z] <<< [apiv2][body] GET https://firebase.googleapis.com/v1beta1/projects/fitpulse-89c0e {"projectId":"fitpulse-89c0e","projectNumber":"1062137796931","displayName":"FitPulse","name":"projects/fitpulse-89c0e","resources":{"hostingSite":"fitpulse-89c0e"},"state":"ACTIVE","labels":{"firebase":"enabled"},"etag":"1_99f88b40-d994-4e51-b1d1-ab3b03120a01"}
[info] i  Using project fitpulse-89c0e (FitPulse) . 
[info] 
=== Ailogic Setup
[debug] [2026-07-22T02:52:42.896Z] Checked if tokens are valid: true, expires at: 1784692338715
[debug] [2026-07-22T02:52:42.897Z] Checked if tokens are valid: true, expires at: 1784692338715
[debug] [2026-07-22T02:52:42.901Z] >>> [apiv2][query] GET https://firebase.googleapis.com/v1beta1/projects/fitpulse-89c0e:searchApps pageSize=100
[debug] [2026-07-22T02:52:43.336Z] <<< [apiv2][status] GET https://firebase.googleapis.com/v1beta1/projects/fitpulse-89c0e:searchApps 200
[debug] [2026-07-22T02:52:43.336Z] <<< [apiv2][body] GET https://firebase.googleapis.com/v1beta1/projects/fitpulse-89c0e:searchApps {"apps":[{"name":"projects/fitpulse-89c0e/androidApps/1:1062137796931:android:933a8caae9588f0f0a37f6","displayName":"KinexFit","platform":"ANDROID","appId":"1:1062137796931:android:933a8caae9588f0f0a37f6","namespace":"com.kinexfit.app","apiKeyId":"e29e2ec7-77f4-4625-ad3c-05cd44433074","state":"ACTIVE","expireTime":"1970-01-01T00:00:00Z"},{"name":"projects/fitpulse-89c0e/androidApps/1:1062137796931:android:f8a17ceb6c5e6e7b0a37f6","displayName":"TrueFit Android","platform":"ANDROID","appId":"1:1062137796931:android:f8a17ceb6c5e6e7b0a37f6","namespace":"com.truefit.app","apiKeyId":"e29e2ec7-77f4-4625-ad3c-05cd44433074","state":"ACTIVE","expireTime":"1970-01-01T00:00:00Z"}]}
